// Jest Snapshot v1, https://goo.gl/fbAQLP

exports[`test on <NoteScreen /> component should display correctly 1`] = `
<div
  className="notes__main-content"
>
  <div
    className="notes__appbar"
  >
    <span>
      28 de Agosto 2020
    </span>
    <input
      id="fileSelector"
      name="file"
      onChange={[Function]}
      style={
        Object {
          "display": "none",
        }
      }
      type="file"
    />
    <div>
      <button
        className="btn"
        onClick={[Function]}
      >
        Picture
      </button>
      <button
        className="btn"
        onClick={[Function]}
      >
        Save
      </button>
    </div>
  </div>
  <div
    className="notes__content"
  >
    <input
      autoComplete="off"
      className="notes__title-input"
      name="title"
      onChange={[Function]}
      placeholder="Some awesome title!"
      type="text"
      value="Hello World"
    />
    <textarea
      className="notes__textarea"
      name="body"
      onChange={[Function]}
      placeholder="What happened today..."
      value="And welcome to a new video..."
    />
    <div
      className="notes__image"
    >
      <img
        alt="noteImage"
        src="https://res.cloudinary.com/malcak-media-cloud/image/upload/v1626378813/htjjxjjndcweyzl1zesr.jpg"
      />
    </div>
  </div>
  <button
    className="btn btn-danger"
    onClick={[Function]}
  >
    Remove
  </button>
</div>
`;
